<?xml version="1.0" encoding="UTF-8"?><testsuite name="nosetests" tests="1" errors="0" failures="0" skip="0"><testcase classname="tests.tests.test_shop.Shop" name="test_filter_brand_macy" time="8.235"></testcase></testsuite>